app/admin/page.tsx(42,61): error TS2339: Property 'active' does not exist on type 'Usuario'.
app/admin/page.tsx(47,7): error TS2339: Property 'name' does not exist on type 'Usuario'.
app/admin/page.tsx(48,7): error TS2339: Property 'email' does not exist on type 'Usuario'.
app/admin/page.tsx(396,74): error TS2339: Property 'active' does not exist on type 'Usuario'.
app/admin/page.tsx(399,61): error TS2339: Property 'name' does not exist on type 'Usuario'.
app/admin/page.tsx(400,71): error TS2339: Property 'email' does not exist on type 'Usuario'.
app/admin/page.tsx(406,42): error TS2551: Property 'role' does not exist on type 'Usuario'. Did you mean 'rol'?
app/admin/page.tsx(418,82): error TS2339: Property 'active' does not exist on type 'Usuario'.
app/admin/page.tsx(419,34): error TS2339: Property 'active' does not exist on type 'Usuario'.
app/admin/page.tsx(422,89): error TS2339: Property 'joinedDate' does not exist on type 'Usuario'.
app/admin/page.tsx(427,40): error TS2339: Property 'active' does not exist on type 'Usuario'.
app/admin/page.tsx(428,92): error TS2339: Property 'active' does not exist on type 'Usuario'.
app/admin/page.tsx(430,34): error TS2339: Property 'active' does not exist on type 'Usuario'.
app/admin/page.tsx(442,80): error TS2339: Property 'active' does not exist on type 'Usuario'.
app/admin/page.tsx(445,65): error TS2339: Property 'name' does not exist on type 'Usuario'.
app/admin/page.tsx(446,67): error TS2339: Property 'email' does not exist on type 'Usuario'.
app/admin/page.tsx(448,80): error TS2339: Property 'active' does not exist on type 'Usuario'.
app/admin/page.tsx(449,30): error TS2339: Property 'active' does not exist on type 'Usuario'.
app/admin/page.tsx(455,36): error TS2551: Property 'role' does not exist on type 'Usuario'. Did you mean 'rol'?
app/admin/page.tsx(467,92): error TS2339: Property 'active' does not exist on type 'Usuario'.
app/admin/page.tsx(469,30): error TS2339: Property 'active' does not exist on type 'Usuario'.
app/api/products/route.ts(34,13): error TS2339: Property 'name' does not exist on type 'Producto'.
app/api/products/route.ts(35,13): error TS2339: Property 'brand' does not exist on type 'Producto'.
app/api/products/route.ts(39,43): error TS2339: Property 'brand' does not exist on type 'Producto'.
app/api/products/route.ts(42,43): error TS2551: Property 'category' does not exist on type 'Producto'. Did you mean 'categoria'?
app/api/products/route.ts(46,33): error TS2339: Property 'price' does not exist on type 'Producto'.
app/api/products/route.ts(46,43): error TS2339: Property 'price' does not exist on type 'Producto'.
app/api/products/route.ts(48,33): error TS2339: Property 'price' does not exist on type 'Producto'.
app/api/products/route.ts(48,43): error TS2339: Property 'price' does not exist on type 'Producto'.
app/page.tsx(1,30): error TS2306: File 'C:/Users/Alejo/Desktop/Code/Externals/Lotus-Body-Car/app/utils/supabase/server.ts' is not a module.
app/payment/confirmation/page.tsx(44,31): error TS2339: Property 'orderNumber' does not exist on type '{ date: string; numero_pedido: string; id_usuario: string; fecha: string; estado_pedido: string; subtotal: number; impuestos_iva: number; total: number; id_transaccion: string; direccion_entrega: string; }'.
app/payment/confirmation/page.tsx(87,63): error TS2339: Property 'paymentMethod' does not exist on type '{ date: string; numero_pedido: string; id_usuario: string; fecha: string; estado_pedido: string; subtotal: number; impuestos_iva: number; total: number; id_transaccion: string; direccion_entrega: string; }'.
app/payment/confirmation/page.tsx(95,63): error TS2339: Property 'shippingAddress' does not exist on type '{ date: string; numero_pedido: string; id_usuario: string; fecha: string; estado_pedido: string; subtotal: number; impuestos_iva: number; total: number; id_transaccion: string; direccion_entrega: string; }'.
app/payment/confirmation/page.tsx(104,30): error TS2339: Property 'transactionId' does not exist on type '{ date: string; numero_pedido: string; id_usuario: string; fecha: string; estado_pedido: string; subtotal: number; impuestos_iva: number; total: number; id_transaccion: string; direccion_entrega: string; }'.
app/payment/confirmation/page.tsx(114,26): error TS2339: Property 'items' does not exist on type '{ date: string; numero_pedido: string; id_usuario: string; fecha: string; estado_pedido: string; subtotal: number; impuestos_iva: number; total: number; id_transaccion: string; direccion_entrega: string; }'.
app/payment/confirmation/page.tsx(114,37): error TS7006: Parameter 'item' implicitly has an 'any' type.
app/payment/confirmation/page.tsx(139,44): error TS2339: Property 'iva' does not exist on type '{ date: string; numero_pedido: string; id_usuario: string; fecha: string; estado_pedido: string; subtotal: number; impuestos_iva: number; total: number; id_transaccion: string; direccion_entrega: string; }'.
app/products/[id]/page.tsx(36,18): error TS2352: Conversion of type 'DetalleProducto' to type 'ProductDetail' may be a mistake because neither type sufficiently overlaps with the other. If this was intentional, convert the expression to 'unknown' first.
  Type 'DetalleProducto' is missing the following properties from type 'ProductDetail': description, images, sellerInfo, stock, and 11 more.
app/products/[id]/page.tsx(41,32): error TS2339: Property 'name' does not exist on type 'Producto'.
app/products/[id]/page.tsx(42,34): error TS2339: Property 'brand' does not exist on type 'Producto'.
app/products/[id]/page.tsx(43,34): error TS2551: Property 'model' does not exist on type 'Producto'. Did you mean 'modelo'?
app/products/[id]/page.tsx(44,34): error TS2339: Property 'price' does not exist on type 'Producto'.
app/products/[id]/page.tsx(45,42): error TS2339: Property 'condition' does not exist on type 'Producto'.
app/products/[id]/page.tsx(47,37): error TS2339: Property 'image' does not exist on type 'Producto'.
app/products/[id]/page.tsx(48,52): error TS2339: Property 'seller' does not exist on type 'Producto'.
app/products/[id]/page.tsx(49,40): error TS2339: Property 'location' does not exist on type 'Producto'.
app/products/[id]/page.tsx(50,40): error TS2551: Property 'category' does not exist on type 'Producto'. Did you mean 'categoria'?
app/products/[id]/page.tsx(53,14): error TS2352: Conversion of type 'Producto' to type 'Record<string, unknown>' may be a mistake because neither type sufficiently overlaps with the other. If this was intentional, convert the expression to 'unknown' first.
  Index signature for type 'string' is missing in type 'Producto'.
app/seller/dashboard/page.tsx(11,10): error TS2724: '"@/lib/data"' has no exported member named 'mockSellerProducts'. Did you mean 'mockProducts'?
app/seller/dashboard/page.tsx(23,29): error TS7006: Parameter 'p' implicitly has an 'any' type.
contexts/CartContext.tsx(23,58): error TS2345: Argument of type 'ArticuloCarrito[]' is not assignable to parameter of type 'CartItem[] | (() => CartItem[])'.
  Type 'ArticuloCarrito[]' is not assignable to type 'CartItem[]'.
    Type 'ArticuloCarrito' is missing the following properties from type 'CartItem': id, name, brand, model, and 4 more.
